// Jest Snapshot v1, https://goo.gl/fbAQLP

exports[`index.js should render AssignmentListComponent 1`] = `
<div
  className="App"
>
  AssignmentListComponent
</div>
`;
